// 重构日志: 199aaa95
// 重构日志: 4b163a06
// 重构日志: 5c2180e5
// 同步 ID: aab8aa48 @ Wed Jul 22 05:28:56 UTC 2026
// 同步 ID: 54f14eb2 @ Wed Jul 22 10:31:45 UTC 2026
// 重构日志: fc6b5890
// 同步 ID: 9877a720 @ Wed Jul 22 18:27:34 UTC 2026
// 同步 ID: cc021663 @ Thu Jul 23 01:20:57 UTC 2026
// 重构日志: 00aa68a3
// 重构日志: 26a1e337
// 重构日志: bfb556d8
// 重构日志: c3116cdf
// 重构日志: 066fd71b
// 重构日志: f742decf
// 重构日志: 0d350edf
// 重构日志: fe90f0f8
// 重构日志: 4ea85dbe
// 重构日志: 18ba16e6
// 重构日志: de9726d8
// 重构日志: 9344dd87
// 重构日志: b6e79b45
// 重构日志: 1a868212
// 同步 ID: 51ecdaef @ Tue Jul 28 10:39:50 UTC 2026
// 同步 ID: b539fe8a @ Wed Jul 29 17:55:04 UTC 2026
// 重构日志: 931764c0
// 重构日志: 71fbc0c3
// 重构日志: 55e77d6a
// 重构日志: ebec06e3
// 同步 ID: 2071357f @ Sat Aug  1 17:09:12 UTC 2026
// 同步 ID: 4bd0295b @ Sat Aug  1 18:39:12 UTC 2026
